<pre style="background-color:#fff;"><code><span style="display:flex;"><span><span style="color:#000;font-weight:bold">import</span> <span style="color:#555">math</span>
</span></span><span style="display:flex;"><span>
</span></span><span style="display:flex;"><span><span style="color:#000;font-weight:bold">def</span> <span style="color:#900;font-weight:bold">greet</span>(name):
</span></span><span style="display:flex;"><span>	<span style="color:#0086b3">print</span>(<span style="color:#d14">f</span><span style="color:#d14">&#34;Hello, </span><span style="color:#d14">{</span>name<span style="color:#d14">}</span><span style="color:#d14">!&#34;</span>)
</span></span><span style="display:flex;"><span>
</span></span><span style="display:flex;"><span>numbers <span style="color:#000;font-weight:bold">=</span> [<span style="color:#099">1</span>, <span style="color:#099">2</span>, <span style="color:#099">3</span>, <span style="color:#099">4</span>, <span style="color:#099">5</span>]
</span></span><span style="display:flex;"><span>squared_numbers <span style="color:#000;font-weight:bold">=</span> [math<span style="color:#000;font-weight:bold">.</span>pow(num, <span style="color:#099">2</span>) <span style="color:#000;font-weight:bold">for</span> num <span style="color:#000;font-weight:bold">in</span> numbers]
</span></span><span style="display:flex;"><span><span style="color:#0086b3">print</span>(squared_numbers)
</span></span><span style="display:flex;"><span>
</span></span><span style="display:flex;"><span><span style="color:#000;font-weight:bold">class</span> <span style="color:#458;font-weight:bold">Animal</span>:
</span></span><span style="display:flex;"><span>	<span style="color:#000;font-weight:bold">def</span> __init__(<span style="color:#999">self</span>, species, sound):
</span></span><span style="display:flex;"><span>		<span style="color:#999">self</span><span style="color:#000;font-weight:bold">.</span>species <span style="color:#000;font-weight:bold">=</span> species
</span></span><span style="display:flex;"><span>		<span style="color:#999">self</span><span style="color:#000;font-weight:bold">.</span>sound <span style="color:#000;font-weight:bold">=</span> sound
</span></span><span style="display:flex;"><span>
</span></span><span style="display:flex;"><span>cat <span style="color:#000;font-weight:bold">=</span> Animal(<span style="color:#d14">&#34;Cat&#34;</span>, <span style="color:#d14">&#34;Meow&#34;</span>)
</span></span><span style="display:flex;"><span><span style="color:#0086b3">print</span>(<span style="color:#d14">f</span><span style="color:#d14">&#34;A </span><span style="color:#d14">{</span>cat<span style="color:#000;font-weight:bold">.</span>species<span style="color:#d14">}</span><span style="color:#d14"> says </span><span style="color:#d14">{</span>cat<span style="color:#000;font-weight:bold">.</span>sound<span style="color:#d14">}</span><span style="color:#d14">&#34;</span>)
</span></span><span style="display:flex;"><span>
</span></span><span style="display:flex;"><span><span style="color:#998;font-style:italic"># Simple Fibonacci sequence generator</span>
</span></span><span style="display:flex;"><span><span style="color:#000;font-weight:bold">def</span> <span style="color:#900;font-weight:bold">fibonacci</span>(n):
</span></span><span style="display:flex;"><span>	fib_sequence <span style="color:#000;font-weight:bold">=</span> [<span style="color:#099">0</span>, <span style="color:#099">1</span>]
</span></span><span style="display:flex;"><span>	<span style="color:#000;font-weight:bold">while</span> <span style="color:#0086b3">len</span>(fib_sequence) <span style="color:#000;font-weight:bold">&lt;</span> n:
</span></span><span style="display:flex;"><span>		fib_sequence<span style="color:#000;font-weight:bold">.</span>append(fib_sequence[<span style="color:#000;font-weight:bold">-</span><span style="color:#099">1</span>] <span style="color:#000;font-weight:bold">+</span> fib_sequence[<span style="color:#000;font-weight:bold">-</span><span style="color:#099">2</span>])
</span></span><span style="display:flex;"><span>	<span style="color:#0086b3">print</span>(fib_sequence)
</span></span><span style="display:flex;"><span>
</span></span><span style="display:flex;"><span>fibonacci(<span style="color:#099">10</span>)
</span></span></code></pre>