<pre style="background-color:#fff;"><code><span style="display:flex;"><span>import math
</span></span><span style="display:flex;"><span>
</span></span><span style="display:flex;"><span>def greet(name):
</span></span><span style="display:flex;"><span>	print(f&#34;Hello, {name}!&#34;)
</span></span><span style="display:flex;"><span>
</span></span><span style="display:flex;"><span>numbers = [1, 2, 3, 4, 5]
</span></span><span style="display:flex;"><span>squared_numbers = [math.pow(num, 2) for num in numbers]
</span></span><span style="display:flex;"><span>print(squared_numbers)
</span></span><span style="display:flex;"><span>
</span></span><span style="display:flex;"><span>class Animal:
</span></span><span style="display:flex;"><span>	def __init__(self, species, sound):
</span></span><span style="display:flex;"><span>		self.species = species
</span></span><span style="display:flex;"><span>		self.sound = sound
</span></span><span style="display:flex;"><span>
</span></span><span style="display:flex;"><span>cat = Animal(&#34;Cat&#34;, &#34;Meow&#34;)
</span></span><span style="display:flex;"><span>print(f&#34;A {cat.species} says {cat.sound}&#34;)
</span></span><span style="display:flex;"><span>
</span></span><span style="display:flex;"><span># Simple Fibonacci sequence generator
</span></span><span style="display:flex;"><span>def fibonacci(n):
</span></span><span style="display:flex;"><span>	fib_sequence = [0, 1]
</span></span><span style="display:flex;"><span>	while len(fib_sequence) &lt; n:
</span></span><span style="display:flex;"><span>		fib_sequence.append(fib_sequence[-1] + fib_sequence[-2])
</span></span><span style="display:flex;"><span>	print(fib_sequence)
</span></span><span style="display:flex;"><span>
</span></span><span style="display:flex;"><span>fibonacci(10)
</span></span></code></pre>